[2026-05-17 00:19:47.987] [2656] [HailoRT] [info] [device.cpp:53] [Device] OS Version: Linux 6.12.75+rpt-rpi-2712 #1 SMP PREEMPT Debian 1:6.12.75-1+rpt1 (2026-03-11) aarch64
[2026-05-17 00:50:54.249] [15032] [HailoRT] [info] [vdevice.cpp:227] [create] Creating vdevice with params: device_count: 1, scheduling_algorithm: ROUND_ROBIN, multi_process_service: false
[2026-05-17 00:50:54.282] [15032] [HailoRT] [info] [device.cpp:53] [Device] OS Version: Linux 6.12.75+rpt-rpi-2712 #1 SMP PREEMPT Debian 1:6.12.75-1+rpt1 (2026-03-11) aarch64
[2026-05-17 00:50:54.391] [15032] [HailoRT] [info] [hef.cpp:1963] [get_network_group_and_network_name] No name was given. Addressing all networks of default network_group: yolov8m
[2026-05-17 00:50:54.391] [15032] [HailoRT] [info] [hef.cpp:1963] [get_network_group_and_network_name] No name was given. Addressing all networks of default network_group: yolov8m
[2026-05-17 00:50:54.714] [15049] [HailoRT] [info] [hef.cpp:1963] [get_network_group_and_network_name] No name was given. Addressing all networks of default network_group: yolov8m
[2026-05-17 00:50:54.714] [15049] [HailoRT] [info] [hef.cpp:1963] [get_network_group_and_network_name] No name was given. Addressing all networks of default network_group: yolov8m
[2026-05-17 00:50:54.946] [15049] [HailoRT] [info] [hef.cpp:1963] [get_network_group_and_network_name] No name was given. Addressing all networks of default network_group: yolov8m
[2026-05-17 00:50:54.982] [15049] [HailoRT] [info] [hef.cpp:1963] [get_network_group_and_network_name] No name was given. Addressing all networks of default network_group: yolov8m
[2026-05-17 00:50:55.018] [15049] [HailoRT] [info] [hef.cpp:1963] [get_network_group_and_network_name] No name was given. Addressing all networks of default network_group: yolov8m
[2026-05-17 00:50:55.052] [15049] [HailoRT] [info] [hef.cpp:1963] [get_network_group_and_network_name] No name was given. Addressing all networks of default network_group: yolov8m
[2026-05-17 00:50:55.090] [15049] [HailoRT] [info] [hef.cpp:1963] [get_network_group_and_network_name] No name was given. Addressing all networks of default network_group: yolov8m
[2026-05-17 00:50:55.129] [15049] [HailoRT] [info] [hef.cpp:1963] [get_network_group_and_network_name] No name was given. Addressing all networks of default network_group: yolov8m
[2026-05-17 00:50:55.164] [15049] [HailoRT] [info] [hef.cpp:1963] [get_network_group_and_network_name] No name was given. Addressing all networks of default network_group: yolov8m
[2026-05-17 00:50:55.201] [15049] [HailoRT] [info] [hef.cpp:1963] [get_network_group_and_network_name] No name was given. Addressing all networks of default network_group: yolov8m
[2026-05-17 00:50:55.237] [15049] [HailoRT] [info] [hef.cpp:1963] [get_network_group_and_network_name] No name was given. Addressing all networks of default network_group: yolov8m
[2026-05-17 00:50:55.272] [15049] [HailoRT] [info] [hef.cpp:1963] [get_network_group_and_network_name] No name was given. Addressing all networks of default network_group: yolov8m
[2026-05-17 00:50:55.307] [15049] [HailoRT] [info] [hef.cpp:1963] [get_network_group_and_network_name] No name was given. Addressing all networks of default network_group: yolov8m
[2026-05-17 00:50:55.343] [15049] [HailoRT] [info] [hef.cpp:1963] [get_network_group_and_network_name] No name was given. Addressing all networks of default network_group: yolov8m
[2026-05-17 00:50:55.379] [15049] [HailoRT] [info] [hef.cpp:1963] [get_network_group_and_network_name] No name was given. Addressing all networks of default network_group: yolov8m
[2026-05-17 00:50:55.413] [15049] [HailoRT] [info] [hef.cpp:1963] [get_network_group_and_network_name] No name was given. Addressing all networks of default network_group: yolov8m
[2026-05-17 00:50:55.451] [15049] [HailoRT] [info] [hef.cpp:1963] [get_network_group_and_network_name] No name was given. Addressing all networks of default network_group: yolov8m
[2026-05-17 00:50:55.485] [15049] [HailoRT] [info] [hef.cpp:1963] [get_network_group_and_network_name] No name was given. Addressing all networks of default network_group: yolov8m
[2026-05-17 00:50:55.523] [15049] [HailoRT] [info] [hef.cpp:1963] [get_network_group_and_network_name] No name was given. Addressing all networks of default network_group: yolov8m
[2026-05-17 00:50:55.559] [15049] [HailoRT] [info] [hef.cpp:1963] [get_network_group_and_network_name] No name was given. Addressing all networks of default network_group: yolov8m
[2026-05-17 00:50:55.596] [15049] [HailoRT] [info] [hef.cpp:1963] [get_network_group_and_network_name] No name was given. Addressing all networks of default network_group: yolov8m
[2026-05-17 00:50:55.634] [15049] [HailoRT] [info] [hef.cpp:1963] [get_network_group_and_network_name] No name was given. Addressing all networks of default network_group: yolov8m
[2026-05-17 00:50:55.673] [15049] [HailoRT] [info] [hef.cpp:1963] [get_network_group_and_network_name] No name was given. Addressing all networks of default network_group: yolov8m
[2026-05-17 00:50:55.711] [15049] [HailoRT] [info] [hef.cpp:1963] [get_network_group_and_network_name] No name was given. Addressing all networks of default network_group: yolov8m
[2026-05-17 00:50:55.749] [15049] [HailoRT] [info] [hef.cpp:1963] [get_network_group_and_network_name] No name was given. Addressing all networks of default network_group: yolov8m
[2026-05-17 00:50:55.785] [15049] [HailoRT] [info] [hef.cpp:1963] [get_network_group_and_network_name] No name was given. Addressing all networks of default network_group: yolov8m
[2026-05-17 00:50:55.821] [15049] [HailoRT] [info] [hef.cpp:1963] [get_network_group_and_network_name] No name was given. Addressing all networks of default network_group: yolov8m
[2026-05-17 00:50:55.856] [15049] [HailoRT] [info] [hef.cpp:1963] [get_network_group_and_network_name] No name was given. Addressing all networks of default network_group: yolov8m
[2026-05-17 00:50:55.896] [15049] [HailoRT] [info] [hef.cpp:1963] [get_network_group_and_network_name] No name was given. Addressing all networks of default network_group: yolov8m
[2026-05-17 00:50:55.932] [15049] [HailoRT] [info] [hef.cpp:1963] [get_network_group_and_network_name] No name was given. Addressing all networks of default network_group: yolov8m
[2026-05-17 00:50:55.969] [15049] [HailoRT] [info] [hef.cpp:1963] [get_network_group_and_network_name] No name was given. Addressing all networks of default network_group: yolov8m
[2026-05-17 00:50:56.006] [15049] [HailoRT] [info] [hef.cpp:1963] [get_network_group_and_network_name] No name was given. Addressing all networks of default network_group: yolov8m
[2026-05-17 00:50:56.042] [15049] [HailoRT] [info] [hef.cpp:1963] [get_network_group_and_network_name] No name was given. Addressing all networks of default network_group: yolov8m
[2026-05-17 00:50:56.083] [15049] [HailoRT] [info] [hef.cpp:1963] [get_network_group_and_network_name] No name was given. Addressing all networks of default network_group: yolov8m
[2026-05-17 00:50:56.120] [15049] [HailoRT] [info] [hef.cpp:1963] [get_network_group_and_network_name] No name was given. Addressing all networks of default network_group: yolov8m
[2026-05-17 00:50:56.157] [15049] [HailoRT] [info] [hef.cpp:1963] [get_network_group_and_network_name] No name was given. Addressing all networks of default network_group: yolov8m
[2026-05-17 00:50:56.197] [15049] [HailoRT] [info] [hef.cpp:1963] [get_network_group_and_network_name] No name was given. Addressing all networks of default network_group: yolov8m
[2026-05-17 00:50:56.234] [15049] [HailoRT] [info] [hef.cpp:1963] [get_network_group_and_network_name] No name was given. Addressing all networks of default network_group: yolov8m
[2026-05-17 00:50:56.273] [15049] [HailoRT] [info] [hef.cpp:1963] [get_network_group_and_network_name] No name was given. Addressing all networks of default network_group: yolov8m
[2026-05-17 00:50:56.313] [15049] [HailoRT] [info] [hef.cpp:1963] [get_network_group_and_network_name] No name was given. Addressing all networks of default network_group: yolov8m
[2026-05-17 00:50:56.349] [15049] [HailoRT] [info] [hef.cpp:1963] [get_network_group_and_network_name] No name was given. Addressing all networks of default network_group: yolov8m
[2026-05-17 00:50:56.390] [15049] [HailoRT] [info] [hef.cpp:1963] [get_network_group_and_network_name] No name was given. Addressing all networks of default network_group: yolov8m
[2026-05-17 00:50:56.427] [15049] [HailoRT] [info] [hef.cpp:1963] [get_network_group_and_network_name] No name was given. Addressing all networks of default network_group: yolov8m
[2026-05-17 00:50:56.462] [15049] [HailoRT] [info] [hef.cpp:1963] [get_network_group_and_network_name] No name was given. Addressing all networks of default network_group: yolov8m
[2026-05-17 00:50:56.502] [15049] [HailoRT] [info] [hef.cpp:1963] [get_network_group_and_network_name] No name was given. Addressing all networks of default network_group: yolov8m
[2026-05-17 00:50:56.540] [15049] [HailoRT] [info] [hef.cpp:1963] [get_network_group_and_network_name] No name was given. Addressing all networks of default network_group: yolov8m
[2026-05-17 00:50:56.577] [15049] [HailoRT] [info] [hef.cpp:1963] [get_network_group_and_network_name] No name was given. Addressing all networks of default network_group: yolov8m
[2026-05-17 00:50:56.612] [15049] [HailoRT] [info] [hef.cpp:1963] [get_network_group_and_network_name] No name was given. Addressing all networks of default network_group: yolov8m
[2026-05-17 00:50:56.649] [15049] [HailoRT] [info] [hef.cpp:1963] [get_network_group_and_network_name] No name was given. Addressing all networks of default network_group: yolov8m
[2026-05-17 00:50:56.692] [15049] [HailoRT] [info] [hef.cpp:1963] [get_network_group_and_network_name] No name was given. Addressing all networks of default network_group: yolov8m
[2026-05-17 00:50:56.729] [15049] [HailoRT] [info] [hef.cpp:1963] [get_network_group_and_network_name] No name was given. Addressing all networks of default network_group: yolov8m
[2026-05-17 00:50:56.765] [15049] [HailoRT] [info] [hef.cpp:1963] [get_network_group_and_network_name] No name was given. Addressing all networks of default network_group: yolov8m
[2026-05-17 00:50:56.803] [15049] [HailoRT] [info] [hef.cpp:1963] [get_network_group_and_network_name] No name was given. Addressing all networks of default network_group: yolov8m
[2026-05-17 00:50:56.846] [15049] [HailoRT] [info] [hef.cpp:1963] [get_network_group_and_network_name] No name was given. Addressing all networks of default network_group: yolov8m
[2026-05-17 00:50:56.883] [15049] [HailoRT] [info] [hef.cpp:1963] [get_network_group_and_network_name] No name was given. Addressing all networks of default network_group: yolov8m
[2026-05-17 00:50:56.919] [15049] [HailoRT] [info] [hef.cpp:1963] [get_network_group_and_network_name] No name was given. Addressing all networks of default network_group: yolov8m
[2026-05-17 00:50:56.955] [15049] [HailoRT] [info] [hef.cpp:1963] [get_network_group_and_network_name] No name was given. Addressing all networks of default network_group: yolov8m
[2026-05-17 00:50:56.991] [15049] [HailoRT] [info] [hef.cpp:1963] [get_network_group_and_network_name] No name was given. Addressing all networks of default network_group: yolov8m
[2026-05-17 00:50:57.026] [15049] [HailoRT] [info] [hef.cpp:1963] [get_network_group_and_network_name] No name was given. Addressing all networks of default network_group: yolov8m
[2026-05-17 00:50:57.060] [15049] [HailoRT] [info] [hef.cpp:1963] [get_network_group_and_network_name] No name was given. Addressing all networks of default network_group: yolov8m
[2026-05-17 00:50:57.094] [15049] [HailoRT] [info] [hef.cpp:1963] [get_network_group_and_network_name] No name was given. Addressing all networks of default network_group: yolov8m
[2026-05-17 00:50:57.128] [15049] [HailoRT] [info] [hef.cpp:1963] [get_network_group_and_network_name] No name was given. Addressing all networks of default network_group: yolov8m
[2026-05-17 00:50:57.162] [15049] [HailoRT] [info] [hef.cpp:1963] [get_network_group_and_network_name] No name was given. Addressing all networks of default network_group: yolov8m
[2026-05-17 00:50:57.199] [15049] [HailoRT] [info] [hef.cpp:1963] [get_network_group_and_network_name] No name was given. Addressing all networks of default network_group: yolov8m
[2026-05-17 00:50:57.234] [15049] [HailoRT] [info] [hef.cpp:1963] [get_network_group_and_network_name] No name was given. Addressing all networks of default network_group: yolov8m
[2026-05-17 00:50:57.269] [15049] [HailoRT] [info] [hef.cpp:1963] [get_network_group_and_network_name] No name was given. Addressing all networks of default network_group: yolov8m
[2026-05-17 00:50:57.304] [15049] [HailoRT] [info] [hef.cpp:1963] [get_network_group_and_network_name] No name was given. Addressing all networks of default network_group: yolov8m
[2026-05-17 00:50:57.339] [15049] [HailoRT] [info] [hef.cpp:1963] [get_network_group_and_network_name] No name was given. Addressing all networks of default network_group: yolov8m
[2026-05-17 00:50:57.374] [15049] [HailoRT] [info] [hef.cpp:1963] [get_network_group_and_network_name] No name was given. Addressing all networks of default network_group: yolov8m
[2026-05-17 00:50:57.408] [15049] [HailoRT] [info] [hef.cpp:1963] [get_network_group_and_network_name] No name was given. Addressing all networks of default network_group: yolov8m
[2026-05-17 00:50:57.442] [15049] [HailoRT] [info] [hef.cpp:1963] [get_network_group_and_network_name] No name was given. Addressing all networks of default network_group: yolov8m
[2026-05-17 00:50:57.477] [15049] [HailoRT] [info] [hef.cpp:1963] [get_network_group_and_network_name] No name was given. Addressing all networks of default network_group: yolov8m
[2026-05-17 00:50:57.514] [15049] [HailoRT] [info] [hef.cpp:1963] [get_network_group_and_network_name] No name was given. Addressing all networks of default network_group: yolov8m
[2026-05-17 00:50:57.550] [15049] [HailoRT] [info] [hef.cpp:1963] [get_network_group_and_network_name] No name was given. Addressing all networks of default network_group: yolov8m
[2026-05-17 00:50:57.583] [15049] [HailoRT] [info] [hef.cpp:1963] [get_network_group_and_network_name] No name was given. Addressing all networks of default network_group: yolov8m
[2026-05-17 00:50:57.618] [15049] [HailoRT] [info] [hef.cpp:1963] [get_network_group_and_network_name] No name was given. Addressing all networks of default network_group: yolov8m
[2026-05-17 00:50:57.654] [15049] [HailoRT] [info] [hef.cpp:1963] [get_network_group_and_network_name] No name was given. Addressing all networks of default network_group: yolov8m
[2026-05-17 00:50:57.694] [15049] [HailoRT] [info] [hef.cpp:1963] [get_network_group_and_network_name] No name was given. Addressing all networks of default network_group: yolov8m
[2026-05-17 00:50:57.729] [15049] [HailoRT] [info] [hef.cpp:1963] [get_network_group_and_network_name] No name was given. Addressing all networks of default network_group: yolov8m
[2026-05-17 00:50:57.763] [15049] [HailoRT] [info] [hef.cpp:1963] [get_network_group_and_network_name] No name was given. Addressing all networks of default network_group: yolov8m
[2026-05-17 00:50:57.797] [15049] [HailoRT] [info] [hef.cpp:1963] [get_network_group_and_network_name] No name was given. Addressing all networks of default network_group: yolov8m
[2026-05-17 00:50:57.831] [15049] [HailoRT] [info] [hef.cpp:1963] [get_network_group_and_network_name] No name was given. Addressing all networks of default network_group: yolov8m
[2026-05-17 00:50:57.865] [15049] [HailoRT] [info] [hef.cpp:1963] [get_network_group_and_network_name] No name was given. Addressing all networks of default network_group: yolov8m
[2026-05-17 00:50:57.899] [15049] [HailoRT] [info] [hef.cpp:1963] [get_network_group_and_network_name] No name was given. Addressing all networks of default network_group: yolov8m
[2026-05-17 00:50:57.936] [15049] [HailoRT] [info] [hef.cpp:1963] [get_network_group_and_network_name] No name was given. Addressing all networks of default network_group: yolov8m
[2026-05-17 00:50:57.971] [15049] [HailoRT] [info] [hef.cpp:1963] [get_network_group_and_network_name] No name was given. Addressing all networks of default network_group: yolov8m
[2026-05-17 00:50:58.006] [15049] [HailoRT] [info] [hef.cpp:1963] [get_network_group_and_network_name] No name was given. Addressing all networks of default network_group: yolov8m
[2026-05-17 00:50:58.040] [15049] [HailoRT] [info] [hef.cpp:1963] [get_network_group_and_network_name] No name was given. Addressing all networks of default network_group: yolov8m
[2026-05-17 00:50:58.076] [15049] [HailoRT] [info] [hef.cpp:1963] [get_network_group_and_network_name] No name was given. Addressing all networks of default network_group: yolov8m
[2026-05-17 00:50:58.110] [15049] [HailoRT] [info] [hef.cpp:1963] [get_network_group_and_network_name] No name was given. Addressing all networks of default network_group: yolov8m
[2026-05-17 00:50:58.145] [15049] [HailoRT] [info] [hef.cpp:1963] [get_network_group_and_network_name] No name was given. Addressing all networks of default network_group: yolov8m
[2026-05-17 00:50:58.179] [15049] [HailoRT] [info] [hef.cpp:1963] [get_network_group_and_network_name] No name was given. Addressing all networks of default network_group: yolov8m
[2026-05-17 00:50:58.213] [15049] [HailoRT] [info] [hef.cpp:1963] [get_network_group_and_network_name] No name was given. Addressing all networks of default network_group: yolov8m
[2026-05-17 00:50:58.252] [15049] [HailoRT] [info] [hef.cpp:1963] [get_network_group_and_network_name] No name was given. Addressing all networks of default network_group: yolov8m
[2026-05-17 00:50:58.286] [15049] [HailoRT] [info] [hef.cpp:1963] [get_network_group_and_network_name] No name was given. Addressing all networks of default network_group: yolov8m
[2026-05-17 00:50:58.320] [15049] [HailoRT] [info] [hef.cpp:1963] [get_network_group_and_network_name] No name was given. Addressing all networks of default network_group: yolov8m
[2026-05-17 00:50:58.354] [15049] [HailoRT] [info] [hef.cpp:1963] [get_network_group_and_network_name] No name was given. Addressing all networks of default network_group: yolov8m
[2026-05-17 00:50:58.388] [15049] [HailoRT] [info] [hef.cpp:1963] [get_network_group_and_network_name] No name was given. Addressing all networks of default network_group: yolov8m
[2026-05-17 00:50:58.422] [15049] [HailoRT] [info] [hef.cpp:1963] [get_network_group_and_network_name] No name was given. Addressing all networks of default network_group: yolov8m
[2026-05-17 00:50:58.456] [15049] [HailoRT] [info] [hef.cpp:1963] [get_network_group_and_network_name] No name was given. Addressing all networks of default network_group: yolov8m
[2026-05-17 00:50:58.492] [15049] [HailoRT] [info] [hef.cpp:1963] [get_network_group_and_network_name] No name was given. Addressing all networks of default network_group: yolov8m
[2026-05-17 00:50:58.527] [15049] [HailoRT] [info] [hef.cpp:1963] [get_network_group_and_network_name] No name was given. Addressing all networks of default network_group: yolov8m
[2026-05-17 00:50:58.564] [15049] [HailoRT] [info] [hef.cpp:1963] [get_network_group_and_network_name] No name was given. Addressing all networks of default network_group: yolov8m
[2026-05-17 00:50:58.598] [15049] [HailoRT] [info] [hef.cpp:1963] [get_network_group_and_network_name] No name was given. Addressing all networks of default network_group: yolov8m
[2026-05-17 00:50:58.637] [15049] [HailoRT] [info] [hef.cpp:1963] [get_network_group_and_network_name] No name was given. Addressing all networks of default network_group: yolov8m
[2026-05-17 00:50:58.672] [15049] [HailoRT] [info] [hef.cpp:1963] [get_network_group_and_network_name] No name was given. Addressing all networks of default network_group: yolov8m
[2026-05-17 00:50:58.707] [15049] [HailoRT] [info] [hef.cpp:1963] [get_network_group_and_network_name] No name was given. Addressing all networks of default network_group: yolov8m
[2026-05-17 00:50:58.745] [15049] [HailoRT] [info] [hef.cpp:1963] [get_network_group_and_network_name] No name was given. Addressing all networks of default network_group: yolov8m
[2026-05-17 00:50:58.780] [15049] [HailoRT] [info] [hef.cpp:1963] [get_network_group_and_network_name] No name was given. Addressing all networks of default network_group: yolov8m
[2026-05-17 00:50:58.814] [15049] [HailoRT] [info] [hef.cpp:1963] [get_network_group_and_network_name] No name was given. Addressing all networks of default network_group: yolov8m
[2026-05-17 00:50:58.848] [15049] [HailoRT] [info] [hef.cpp:1963] [get_network_group_and_network_name] No name was given. Addressing all networks of default network_group: yolov8m
[2026-05-17 00:50:58.883] [15049] [HailoRT] [info] [hef.cpp:1963] [get_network_group_and_network_name] No name was given. Addressing all networks of default network_group: yolov8m
[2026-05-17 00:50:58.918] [15049] [HailoRT] [info] [hef.cpp:1963] [get_network_group_and_network_name] No name was given. Addressing all networks of default network_group: yolov8m
[2026-05-17 00:50:58.957] [15049] [HailoRT] [info] [hef.cpp:1963] [get_network_group_and_network_name] No name was given. Addressing all networks of default network_group: yolov8m
[2026-05-17 00:50:58.994] [15049] [HailoRT] [info] [hef.cpp:1963] [get_network_group_and_network_name] No name was given. Addressing all networks of default network_group: yolov8m
[2026-05-17 00:50:59.027] [15049] [HailoRT] [info] [hef.cpp:1963] [get_network_group_and_network_name] No name was given. Addressing all networks of default network_group: yolov8m
[2026-05-17 00:50:59.062] [15049] [HailoRT] [info] [hef.cpp:1963] [get_network_group_and_network_name] No name was given. Addressing all networks of default network_group: yolov8m
[2026-05-17 00:50:59.096] [15049] [HailoRT] [info] [hef.cpp:1963] [get_network_group_and_network_name] No name was given. Addressing all networks of default network_group: yolov8m
[2026-05-17 00:50:59.131] [15049] [HailoRT] [info] [hef.cpp:1963] [get_network_group_and_network_name] No name was given. Addressing all networks of default network_group: yolov8m
[2026-05-17 00:50:59.166] [15049] [HailoRT] [info] [hef.cpp:1963] [get_network_group_and_network_name] No name was given. Addressing all networks of default network_group: yolov8m
[2026-05-17 00:50:59.201] [15049] [HailoRT] [info] [hef.cpp:1963] [get_network_group_and_network_name] No name was given. Addressing all networks of default network_group: yolov8m
[2026-05-17 00:50:59.242] [15049] [HailoRT] [info] [hef.cpp:1963] [get_network_group_and_network_name] No name was given. Addressing all networks of default network_group: yolov8m
[2026-05-17 00:50:59.277] [15049] [HailoRT] [info] [hef.cpp:1963] [get_network_group_and_network_name] No name was given. Addressing all networks of default network_group: yolov8m
[2026-05-17 00:50:59.311] [15049] [HailoRT] [info] [hef.cpp:1963] [get_network_group_and_network_name] No name was given. Addressing all networks of default network_group: yolov8m
[2026-05-17 00:50:59.345] [15049] [HailoRT] [info] [hef.cpp:1963] [get_network_group_and_network_name] No name was given. Addressing all networks of default network_group: yolov8m
[2026-05-17 00:50:59.380] [15049] [HailoRT] [info] [hef.cpp:1963] [get_network_group_and_network_name] No name was given. Addressing all networks of default network_group: yolov8m
[2026-05-17 00:50:59.415] [15049] [HailoRT] [info] [hef.cpp:1963] [get_network_group_and_network_name] No name was given. Addressing all networks of default network_group: yolov8m
[2026-05-17 00:50:59.449] [15049] [HailoRT] [info] [hef.cpp:1963] [get_network_group_and_network_name] No name was given. Addressing all networks of default network_group: yolov8m
[2026-05-17 00:50:59.484] [15049] [HailoRT] [info] [hef.cpp:1963] [get_network_group_and_network_name] No name was given. Addressing all networks of default network_group: yolov8m
[2026-05-17 00:50:59.518] [15049] [HailoRT] [info] [hef.cpp:1963] [get_network_group_and_network_name] No name was given. Addressing all networks of default network_group: yolov8m
[2026-05-17 00:50:59.557] [15049] [HailoRT] [info] [hef.cpp:1963] [get_network_group_and_network_name] No name was given. Addressing all networks of default network_group: yolov8m
[2026-05-17 00:50:59.591] [15049] [HailoRT] [info] [hef.cpp:1963] [get_network_group_and_network_name] No name was given. Addressing all networks of default network_group: yolov8m
[2026-05-17 00:50:59.625] [15049] [HailoRT] [info] [hef.cpp:1963] [get_network_group_and_network_name] No name was given. Addressing all networks of default network_group: yolov8m
[2026-05-17 00:50:59.659] [15049] [HailoRT] [info] [hef.cpp:1963] [get_network_group_and_network_name] No name was given. Addressing all networks of default network_group: yolov8m
[2026-05-17 00:50:59.693] [15049] [HailoRT] [info] [hef.cpp:1963] [get_network_group_and_network_name] No name was given. Addressing all networks of default network_group: yolov8m
[2026-05-17 00:50:59.728] [15049] [HailoRT] [info] [hef.cpp:1963] [get_network_group_and_network_name] No name was given. Addressing all networks of default network_group: yolov8m
[2026-05-17 00:50:59.762] [15049] [HailoRT] [info] [hef.cpp:1963] [get_network_group_and_network_name] No name was given. Addressing all networks of default network_group: yolov8m
[2026-05-17 00:50:59.801] [15049] [HailoRT] [info] [hef.cpp:1963] [get_network_group_and_network_name] No name was given. Addressing all networks of default network_group: yolov8m
[2026-05-17 00:50:59.837] [15049] [HailoRT] [info] [hef.cpp:1963] [get_network_group_and_network_name] No name was given. Addressing all networks of default network_group: yolov8m
[2026-05-17 00:50:59.873] [15049] [HailoRT] [info] [hef.cpp:1963] [get_network_group_and_network_name] No name was given. Addressing all networks of default network_group: yolov8m
[2026-05-17 00:50:59.908] [15049] [HailoRT] [info] [hef.cpp:1963] [get_network_group_and_network_name] No name was given. Addressing all networks of default network_group: yolov8m
[2026-05-17 00:50:59.950] [15049] [HailoRT] [info] [hef.cpp:1963] [get_network_group_and_network_name] No name was given. Addressing all networks of default network_group: yolov8m
[2026-05-17 00:50:59.985] [15049] [HailoRT] [info] [hef.cpp:1963] [get_network_group_and_network_name] No name was given. Addressing all networks of default network_group: yolov8m
[2026-05-17 00:51:00.019] [15049] [HailoRT] [info] [hef.cpp:1963] [get_network_group_and_network_name] No name was given. Addressing all networks of default network_group: yolov8m
[2026-05-17 00:51:00.053] [15049] [HailoRT] [info] [hef.cpp:1963] [get_network_group_and_network_name] No name was given. Addressing all networks of default network_group: yolov8m
[2026-05-17 00:51:00.087] [15049] [HailoRT] [info] [hef.cpp:1963] [get_network_group_and_network_name] No name was given. Addressing all networks of default network_group: yolov8m
[2026-05-17 00:51:00.121] [15049] [HailoRT] [info] [hef.cpp:1963] [get_network_group_and_network_name] No name was given. Addressing all networks of default network_group: yolov8m
[2026-05-17 00:51:00.155] [15049] [HailoRT] [info] [hef.cpp:1963] [get_network_group_and_network_name] No name was given. Addressing all networks of default network_group: yolov8m
[2026-05-17 00:51:00.190] [15049] [HailoRT] [info] [hef.cpp:1963] [get_network_group_and_network_name] No name was given. Addressing all networks of default network_group: yolov8m
[2026-05-17 00:51:00.223] [15049] [HailoRT] [info] [hef.cpp:1963] [get_network_group_and_network_name] No name was given. Addressing all networks of default network_group: yolov8m
[2026-05-17 00:51:00.257] [15049] [HailoRT] [info] [hef.cpp:1963] [get_network_group_and_network_name] No name was given. Addressing all networks of default network_group: yolov8m
[2026-05-17 00:51:00.292] [15049] [HailoRT] [info] [hef.cpp:1963] [get_network_group_and_network_name] No name was given. Addressing all networks of default network_group: yolov8m
[2026-05-17 00:51:00.327] [15049] [HailoRT] [info] [hef.cpp:1963] [get_network_group_and_network_name] No name was given. Addressing all networks of default network_group: yolov8m
[2026-05-17 00:51:00.361] [15049] [HailoRT] [info] [hef.cpp:1963] [get_network_group_and_network_name] No name was given. Addressing all networks of default network_group: yolov8m
[2026-05-17 00:51:00.395] [15049] [HailoRT] [info] [hef.cpp:1963] [get_network_group_and_network_name] No name was given. Addressing all networks of default network_group: yolov8m
[2026-05-17 00:51:00.429] [15049] [HailoRT] [info] [hef.cpp:1963] [get_network_group_and_network_name] No name was given. Addressing all networks of default network_group: yolov8m
[2026-05-17 00:51:00.463] [15049] [HailoRT] [info] [hef.cpp:1963] [get_network_group_and_network_name] No name was given. Addressing all networks of default network_group: yolov8m
[2026-05-17 00:51:00.497] [15049] [HailoRT] [info] [hef.cpp:1963] [get_network_group_and_network_name] No name was given. Addressing all networks of default network_group: yolov8m
[2026-05-17 00:51:00.532] [15049] [HailoRT] [info] [hef.cpp:1963] [get_network_group_and_network_name] No name was given. Addressing all networks of default network_group: yolov8m
[2026-05-17 00:51:00.571] [15049] [HailoRT] [info] [hef.cpp:1963] [get_network_group_and_network_name] No name was given. Addressing all networks of default network_group: yolov8m
[2026-05-17 00:51:00.606] [15049] [HailoRT] [info] [hef.cpp:1963] [get_network_group_and_network_name] No name was given. Addressing all networks of default network_group: yolov8m
[2026-05-17 00:51:00.641] [15049] [HailoRT] [info] [hef.cpp:1963] [get_network_group_and_network_name] No name was given. Addressing all networks of default network_group: yolov8m
[2026-05-17 00:51:00.678] [15049] [HailoRT] [info] [hef.cpp:1963] [get_network_group_and_network_name] No name was given. Addressing all networks of default network_group: yolov8m
[2026-05-17 00:51:00.712] [15049] [HailoRT] [info] [hef.cpp:1963] [get_network_group_and_network_name] No name was given. Addressing all networks of default network_group: yolov8m
[2026-05-17 00:51:00.746] [15049] [HailoRT] [info] [hef.cpp:1963] [get_network_group_and_network_name] No name was given. Addressing all networks of default network_group: yolov8m
[2026-05-17 00:51:00.780] [15049] [HailoRT] [info] [hef.cpp:1963] [get_network_group_and_network_name] No name was given. Addressing all networks of default network_group: yolov8m
[2026-05-17 00:51:00.814] [15049] [HailoRT] [info] [hef.cpp:1963] [get_network_group_and_network_name] No name was given. Addressing all networks of default network_group: yolov8m
[2026-05-17 00:51:00.849] [15049] [HailoRT] [info] [hef.cpp:1963] [get_network_group_and_network_name] No name was given. Addressing all networks of default network_group: yolov8m
[2026-05-17 00:51:00.884] [15049] [HailoRT] [info] [hef.cpp:1963] [get_network_group_and_network_name] No name was given. Addressing all networks of default network_group: yolov8m
[2026-05-17 00:51:00.923] [15049] [HailoRT] [info] [hef.cpp:1963] [get_network_group_and_network_name] No name was given. Addressing all networks of default network_group: yolov8m
[2026-05-17 00:51:00.962] [15049] [HailoRT] [info] [hef.cpp:1963] [get_network_group_and_network_name] No name was given. Addressing all networks of default network_group: yolov8m
[2026-05-17 00:51:00.997] [15049] [HailoRT] [info] [hef.cpp:1963] [get_network_group_and_network_name] No name was given. Addressing all networks of default network_group: yolov8m
[2026-05-17 00:51:01.032] [15049] [HailoRT] [info] [hef.cpp:1963] [get_network_group_and_network_name] No name was given. Addressing all networks of default network_group: yolov8m
[2026-05-17 00:51:01.069] [15049] [HailoRT] [info] [hef.cpp:1963] [get_network_group_and_network_name] No name was given. Addressing all networks of default network_group: yolov8m
[2026-05-17 00:51:01.103] [15049] [HailoRT] [info] [hef.cpp:1963] [get_network_group_and_network_name] No name was given. Addressing all networks of default network_group: yolov8m
[2026-05-17 00:51:01.140] [15049] [HailoRT] [info] [hef.cpp:1963] [get_network_group_and_network_name] No name was given. Addressing all networks of default network_group: yolov8m
[2026-05-17 00:51:01.177] [15049] [HailoRT] [info] [hef.cpp:1963] [get_network_group_and_network_name] No name was given. Addressing all networks of default network_group: yolov8m
[2026-05-17 00:51:01.214] [15049] [HailoRT] [info] [hef.cpp:1963] [get_network_group_and_network_name] No name was given. Addressing all networks of default network_group: yolov8m
[2026-05-17 00:51:01.248] [15049] [HailoRT] [info] [hef.cpp:1963] [get_network_group_and_network_name] No name was given. Addressing all networks of default network_group: yolov8m
[2026-05-17 00:51:01.282] [15049] [HailoRT] [info] [hef.cpp:1963] [get_network_group_and_network_name] No name was given. Addressing all networks of default network_group: yolov8m
[2026-05-17 00:51:01.317] [15049] [HailoRT] [info] [hef.cpp:1963] [get_network_group_and_network_name] No name was given. Addressing all networks of default network_group: yolov8m
[2026-05-17 00:51:01.352] [15049] [HailoRT] [info] [hef.cpp:1963] [get_network_group_and_network_name] No name was given. Addressing all networks of default network_group: yolov8m
[2026-05-17 00:51:01.386] [15049] [HailoRT] [info] [hef.cpp:1963] [get_network_group_and_network_name] No name was given. Addressing all networks of default network_group: yolov8m
[2026-05-17 00:51:01.420] [15049] [HailoRT] [info] [hef.cpp:1963] [get_network_group_and_network_name] No name was given. Addressing all networks of default network_group: yolov8m
[2026-05-17 00:51:01.454] [15049] [HailoRT] [info] [hef.cpp:1963] [get_network_group_and_network_name] No name was given. Addressing all networks of default network_group: yolov8m
[2026-05-17 00:51:01.488] [15049] [HailoRT] [info] [hef.cpp:1963] [get_network_group_and_network_name] No name was given. Addressing all networks of default network_group: yolov8m
[2026-05-17 00:51:01.523] [15049] [HailoRT] [info] [hef.cpp:1963] [get_network_group_and_network_name] No name was given. Addressing all networks of default network_group: yolov8m
[2026-05-17 00:51:01.560] [15049] [HailoRT] [info] [hef.cpp:1963] [get_network_group_and_network_name] No name was given. Addressing all networks of default network_group: yolov8m
[2026-05-17 00:51:01.595] [15049] [HailoRT] [info] [hef.cpp:1963] [get_network_group_and_network_name] No name was given. Addressing all networks of default network_group: yolov8m
[2026-05-17 00:51:01.628] [15049] [HailoRT] [inf[2026-05-17 00:51:10.221] [15058] [HailoRT] [info] [vdevice.cpp:227] [create] Creating vdevice with params: device_count: 1, scheduling_algorithm: ROUND_ROBIN, multi_process_service: false
[2026-05-17 00:51:10.245] [15058] [HailoRT] [info] [device.cpp:53] [Device] OS Version: Linux 6.12.75+rpt-rpi-2712 #1 SMP PREEMPT Debian 1:6.12.75-1+rpt1 (2026-03-11) aarch64
[2026-05-17 00:51:10.354] [15058] [HailoRT] [info] [hef.cpp:1963] [get_network_group_and_network_name] No name was given. Addressing all networks of default network_group: yolov8m
[2026-05-17 00:51:10.354] [15058] [HailoRT] [info] [hef.cpp:1963] [get_network_group_and_network_name] No name was given. Addressing all networks of default network_group: yolov8m
[2026-05-17 00:51:10.676] [15075] [HailoRT] [info] [hef.cpp:1963] [get_network_group_and_network_name] No name was given. Addressing all networks of default network_group: yolov8m
[2026-05-17 00:51:10.677] [15075] [HailoRT] [info] [hef.cpp:1963] [get_network_group_and_network_name] No name was given. Addressing all networks of default network_group: yolov8m
[2026-05-17 00:51:10.918] [15075] [HailoRT] [info] [hef.cpp:1963] [get_network_group_and_network_name] No name was given. Addressing all networks of default network_group: yolov8m
[2026-05-17 00:51:10.954] [15075] [HailoRT] [info] [hef.cpp:1963] [get_network_group_and_network_name] No name was given. Addressing all networks of default network_group: yolov8m
[2026-05-17 00:51:10.989] [15075] [HailoRT] [info] [hef.cpp:1963] [get_network_group_and_network_name] No name was given. Addressing all networks of default network_group: yolov8m
[2026-05-17 00:51:11.024] [15075] [HailoRT] [info] [hef.cpp:1963] [get_network_group_and_network_name] No name was given. Addressing all networks of default network_group: yolov8m
[2026-05-17 00:51:11.059] [15075] [HailoRT] [info] [hef.cpp:1963] [get_network_group_and_network_name] No name was given. Addressing all networks of default network_group: yolov8m
[2026-05-17 00:51:11.106] [15075] [HailoRT] [info] [hef.cpp:1963] [get_network_group_and_network_name] No name was given. Addressing all networks of default network_group: yolov8m
[2026-05-17 00:51:11.141] [15075] [HailoRT] [info] [hef.cpp:1963] [get_network_group_and_network_name] No name was given. Addressing all networks of default network_group: yolov8m
[2026-05-17 00:51:11.175] [15075] [HailoRT] [info] [hef.cpp:1963] [get_network_group_and_network_name] No name was given. Addressing all networks of default network_group: yolov8m
[2026-05-17 00:51:11.209] [15075] [HailoRT] [info] [hef.cpp:1963] [get_network_group_and_network_name] No name was given. Addressing all networks of default network_group: yolov8m
[2026-05-17 00:51:11.244] [15075] [HailoRT] [info] [hef.cpp:1963] [get_network_group_and_network_name] No name was given. Addressing all networks of default network_group: yolov8m
[2026-05-17 00:51:11.279] [15075] [HailoRT] [info] [hef.cpp:1963] [get_network_group_and_network_name] No name was given. Addressing all networks of default network_group: yolov8m
[2026-05-17 00:51:11.314] [15075] [HailoRT] [info] [hef.cpp:1963] [get_network_group_and_network_name] No name was given. Addressing all networks of default network_group: yolov8m
[2026-05-17 00:51:11.350] [15075] [HailoRT] [info] [hef.cpp:1963] [get_network_group_and_network_name] No name was given. Addressing all networks of default network_group: yolov8m
[2026-05-17 00:51:11.384] [15075] [HailoRT] [info] [hef.cpp:1963] [get_network_group_and_network_name] No name was given. Addressing all networks of default network_group: yolov8m
[2026-05-17 00:51:11.418] [15075] [HailoRT] [info] [hef.cpp:1963] [get_network_group_and_network_name] No name was given. Addressing all networks of default network_group: yolov8m
[2026-05-17 00:51:11.452] [15075] [HailoRT] [info] [hef.cpp:1963] [get_network_group_and_network_name] No name was given. Addressing all networks of default network_group: yolov8m
[2026-05-17 00:51:11.487] [15075] [HailoRT] [info] [hef.cpp:1963] [get_network_group_and_network_name] No name was given. Addressing all networks of default network_group: yolov8m
[2026-05-17 00:51:11.521] [15075] [HailoRT] [info] [hef.cpp:1963] [get_network_group_and_network_name] No name was given. Addressing all networks of default network_group: yolov8m
[2026-05-17 00:51:11.555] [15075] [HailoRT] [info] [hef.cpp:1963] [get_network_group_and_network_name] No name was given. Addressing all networks of default network_group: yolov8m
[2026-05-17 00:51:11.591] [15075] [HailoRT] [info] [hef.cpp:1963] [get_network_group_and_network_name] No name was given. Addressing all networks of default network_group: yolov8m
[2026-05-17 00:51:11.626] [15075] [HailoRT] [info] [hef.cpp:1963] [get_network_group_and_network_name] No name was given. Addressing all networks of default network_group: yolov8m
[2026-05-17 00:51:11.662] [15075] [HailoRT] [info] [hef.cpp:1963] [get_network_group_and_network_name] No name was given. Addressing all networks of default network_group: yolov8m
[2026-05-17 00:51:11.696] [15075] [HailoRT] [info] [hef.cpp:1963] [get_network_group_and_network_name] No name was given. Addressing all networks of default network_group: yolov8m
[2026-05-17 00:51:11.730] [15075] [HailoRT] [info] [hef.cpp:1963] [get_network_group_and_network_name] No name was given. Addressing all networks of default network_group: yolov8m
[2026-05-17 00:51:11.766] [15075] [HailoRT] [info] [hef.cpp:1963] [get_network_group_and_network_name] No name was given. Addressing all networks of default network_group: yolov8m
[2026-05-17 00:51:11.803] [15075] [HailoRT] [info] [hef.cpp:1963] [get_network_group_and_network_name] No name was given. Addressing all networks of default network_group: yolov8m
[2026-05-17 00:51:11.837] [15075] [HailoRT] [info] [hef.cpp:1963] [get_network_group_and_network_name] No name was given. Addressing all networks of default network_group: yolov8m
[2026-05-17 00:51:11.873] [15075] [HailoRT] [info] [hef.cpp:1963] [get_network_group_and_network_name] No name was given. Addressing all networks of default network_group: yolov8m
[2026-05-17 00:51:11.908] [15075] [HailoRT] [info] [hef.cpp:1963] [get_network_group_and_network_name] No name was given. Addressing all networks of default network_group: yolov8m
[2026-05-17 00:51:11.943] [15075] [HailoRT] [info] [hef.cpp:1963] [get_network_group_and_network_name] No name was given. Addressing all networks of default network_group: yolov8m
[2026-05-17 00:51:11.979] [15075] [HailoRT] [info] [hef.cpp:1963] [get_network_group_and_network_name] No name was given. Addressing all networks of default network_group: yolov8m
[2026-05-17 00:51:12.016] [15075] [HailoRT] [info] [hef.cpp:1963] [get_network_group_and_network_name] No name was given. Addressing all networks of default network_group: yolov8m
[2026-05-17 00:51:12.050] [15075] [HailoRT] [info] [hef.cpp:1963] [get_network_group_and_network_name] No name was given. Addressing all networks of default network_group: yolov8m
[2026-05-17 00:51:12.085] [15075] [HailoRT] [info] [hef.cpp:1963] [get_network_group_and_network_name] No name was given. Addressing all networks of default network_group: yolov8m
[2026-05-17 00:51:12.119] [15075] [HailoRT] [info] [hef.cpp:1963] [get_network_group_and_network_name] No name was given. Addressing all networks of default network_group: yolov8m
[2026-05-17 00:51:12.153] [15075] [HailoRT] [info] [hef.cpp:1963] [get_network_group_and_network_name] No name was given. Addressing all networks of default network_group: yolov8m
[2026-05-17 00:51:12.188] [15075] [HailoRT] [info] [hef.cpp:1963] [get_network_group_and_network_name] No name was given. Addressing all networks of default network_group: yolov8m
[2026-05-17 00:51:12.222] [15075] [HailoRT] [info] [hef.cpp:1963] [get_network_group_and_network_name] No name was given. Addressing all networks of default network_group: yolov8m
[2026-05-17 00:51:12.256] [15075] [HailoRT] [info] [hef.cpp:1963] [get_network_group_and_network_name] No name was given. Addressing all networks of default network_group: yolov8m
[2026-05-17 00:51:12.296] [15075] [HailoRT] [info] [hef.cpp:1963] [get_network_group_and_network_name] No name was given. Addressing all networks of default network_group: yolov8m
[2026-05-17 00:51:12.331] [15075] [HailoRT] [info] [hef.cpp:1963] [get_network_group_and_network_name] No name was given. Addressing all networks of default network_group: yolov8m
[2026-05-17 00:51:12.369] [15075] [HailoRT] [info] [hef.cpp:1963] [get_network_group_and_network_name] No name was given. Addressing all networks of default network_group: yolov8m
[2026-05-17 00:51:12.404] [15075] [HailoRT] [info] [hef.cpp:1963] [get_network_group_and_network_name] No name was given. Addressing all networks of default network_group: yolov8m
[2026-05-17 00:51:12.439] [15075] [HailoRT] [info] [hef.cpp:1963] [get_network_group_and_network_name] No name was given. Addressing all networks of default network_group: yolov8m
[2026-05-17 00:51:12.476] [15075] [HailoRT] [info] [hef.cpp:1963] [get_network_group_and_network_name] No name was given. Addressing all networks of default network_group: yolov8m
[2026-05-17 00:51:12.510] [15075] [HailoRT] [info] [hef.cpp:1963] [get_network_group_and_network_name] No name was given. Addressing all networks of default network_group: yolov8m
[2026-05-17 00:51:12.544] [15075] [HailoRT] [info] [hef.cpp:1963] [get_network_group_and_network_name] No name was given. Addressing all networks of default network_group: yolov8m
[2026-05-17 00:51:12.578] [15075] [HailoRT] [info] [hef.cpp:1963] [get_network_group_and_network_name] No name was given. Addressing all networks of default network_group: yolov8m
[2026-05-17 00:51:12.619] [15075] [HailoRT] [info] [hef.cpp:1963] [get_network_group_and_network_name] No name was given. Addressing all networks of default network_group: yolov8m
[2026-05-17 00:51:12.653] [15075] [HailoRT] [info] [hef.cpp:1963] [get_network_group_and_network_name] No name was given. Addressing all networks of default network_group: yolov8m
[2026-05-17 00:51:12.688] [15075] [HailoRT] [info] [hef.cpp:1963] [get_network_group_and_network_name] No name was given. Addressing all networks of default network_group: yolov8m
[2026-05-17 00:51:12.725] [15075] [HailoRT] [info] [hef.cpp:1963] [get_network_group_and_network_name] No name was given. Addressing all networks of default network_group: yolov8m
[2026-05-17 00:51:12.759] [15075] [HailoRT] [info] [hef.cpp:1963] [get_network_group_and_network_name] No name was given. Addressing all networks of default network_group: yolov8m
[2026-05-17 00:51:12.794] [15075] [HailoRT] [info] [hef.cpp:1963] [get_network_group_and_network_name] No name was given. Addressing all networks of default network_group: yolov8m
[2026-05-17 00:51:12.828] [15075] [HailoRT] [info] [hef.cpp:1963] [get_network_group_and_network_name] No name was given. Addressing all networks of default network_group: yolov8m
[2026-05-17 00:51:12.862] [15075] [HailoRT] [info] [hef.cpp:1963] [get_network_group_and_network_name] No name was given. Addressing all networks of default network_group: yolov8m
[2026-05-17 00:51:12.901] [15075] [HailoRT] [info] [hef.cpp:1963] [get_network_group_and_network_name] No name was given. Addressing all networks of default network_group: yolov8m
[2026-05-17 00:51:12.939] [15075] [HailoRT] [info] [hef.cpp:1963] [get_network_group_and_network_name] No name was given. Addressing all networks of default network_group: yolov8m
[2026-05-17 00:51:12.974] [15075] [HailoRT] [info] [hef.cpp:1963] [get_network_group_and_network_name] No name was given. Addressing all networks of default network_group: yolov8m
[2026-05-17 00:51:13.008] [15075] [HailoRT] [info] [hef.cpp:1963] [get_network_group_and_network_name] No name was given. Addressing all networks of default network_group: yolov8m
[2026-05-17 00:51:13.045] [15075] [HailoRT] [info] [hef.cpp:1963] [get_network_group_and_network_name] No name was given. Addressing all networks of default network_group: yolov8m
[2026-05-17 00:51:13.080] [15075] [HailoRT] [info] [hef.cpp:1963] [get_network_group_and_network_name] No name was given. Addressing all networks of default network_group: yolov8m
[2026-05-17 00:51:13.114] [15075] [HailoRT] [info] [hef.cpp:1963] [get_network_group_and_network_name] No name was given. Addressing all networks of default network_group: yolov8m
[2026-05-17 00:51:13.148] [15075] [HailoRT] [info] [hef.cpp:1963] [get_network_group_and_network_name] No name was given. Addressing all networks of default network_group: yolov8m
[2026-05-17 00:51:13.184] [15075] [HailoRT] [info] [hef.cpp:1963] [get_network_group_and_network_name] No name was given. Addressing all networks of default network_group: yolov8m
[2026-05-17 00:51:13.218] [15075] [HailoRT] [info] [hef.cpp:1963] [get_network_group_and_network_name] No name was given. Addressing all networks of default network_group: yolov8m
[2026-05-17 00:51:13.253] [15075] [HailoRT] [info] [hef.cpp:1963] [get_network_group_and_network_name] No name was given. Addressing all networks of default network_group: yolov8m
[2026-05-17 00:51:13.287] [15075] [HailoRT] [info] [hef.cpp:1963] [get_network_group_and_network_name] No name was given. Addressing all networks of default network_group: yolov8m
[2026-05-17 00:51:13.322] [15075] [HailoRT] [info] [hef.cpp:1963] [get_network_group_and_network_name] No name was given. Addressing all networks of default network_group: yolov8m
[2026-05-17 00:51:13.357] [15075] [HailoRT] [info] [hef.cpp:1963] [get_network_group_and_network_name] No name was given. Addressing all networks of default network_group: yolov8m
[2026-05-17 00:51:13.390] [15075] [HailoRT] [info] [hef.cpp:1963] [get_network_group_and_network_name] No name was given. Addressing all networks of default network_group: yolov8m
[2026-05-17 00:51:13.424] [15075] [HailoRT] [info] [hef.cpp:1963] [get_network_group_and_network_name] No name was given. Addressing all networks of default network_group: yolov8m
[2026-05-17 00:51:13.458] [15075] [HailoRT] [info] [hef.cpp:1963] [get_network_group_and_network_name] No name was given. Addressing all networks of default network_group: yolov8m
[2026-05-17 00:51:13.496] [15075] [HailoRT] [info] [hef.cpp:1963] [get_network_group_and_network_name] No name was given. Addressing all networks of default network_group: yolov8m
[2026-05-17 00:51:13.533] [15075] [HailoRT] [info] [hef.cpp:1963] [get_network_group_and_network_name] No name was given. Addressing all networks of default network_group: yolov8m
[2026-05-17 00:51:13.570] [15075] [HailoRT] [info] [hef.cpp:1963] [get_network_group_and_network_name] No name was given. Addressing all networks of default network_group: yolov8m
[2026-05-17 00:51:13.605] [15075] [HailoRT] [info] [hef.cpp:1963] [get_network_group_and_network_name] No name was given. Addressing all networks of default network_group: yolov8m
[2026-05-17 00:51:13.639] [15075] [HailoRT] [info] [hef.cpp:1963] [get_network_group_and_network_name] No name was given. Addressing all networks of default network_group: yolov8m
[2026-05-17 00:51:13.673] [15075] [HailoRT] [info] [hef.cpp:1963] [get_network_group_and_network_name] No name was given. Addressing all networks of default network_group: yolov8m
[2026-05-17 00:51:13.707] [15075] [HailoRT] [info] [hef.cpp:1963] [get_network_group_and_network_name] No name was given. Addressing all networks of default network_group: yolov8m
[2026-05-17 00:51:13.746] [15075] [HailoRT] [info] [hef.cpp:1963] [get_network_group_and_network_name] No name was given. Addressing all networks of default network_group: yolov8m
[2026-05-17 00:51:13.780] [15075] [HailoRT] [info] [hef.cpp:1963] [get_network_group_and_network_name] No name was given. Addressing all networks of default network_group: yolov8m
[2026-05-17 00:51:13.814] [15075] [HailoRT] [info] [hef.cpp:1963] [get_network_group_and_network_name] No name was given. Addressing all networks of default network_group: yolov8m
[2026-05-17 00:51:13.848] [15075] [HailoRT] [info] [hef.cpp:1963] [get_network_group_and_network_name] No name was given. Addressing all networks of default network_group: yolov8m
[2026-05-17 00:51:13.882] [15075] [HailoRT] [info] [hef.cpp:1963] [get_network_group_and_network_name] No name was given. Addressing all networks of default network_group: yolov8m
[2026-05-17 00:51:13.917] [15075] [HailoRT] [info] [hef.cpp:1963] [get_network_group_and_network_name] No name was given. Addressing all networks of default network_group: yolov8m
[2026-05-17 00:51:13.954] [15075] [HailoRT] [info] [hef.cpp:1963] [get_network_group_and_network_name] No name was given. Addressing all networks of default network_group: yolov8m
[2026-05-17 00:51:13.988] [15075] [HailoRT] [info] [hef.cpp:1963] [get_network_group_and_network_name] No name was given. Addressing all networks of default network_group: yolov8m
[2026-05-17 00:51:14.023] [15075] [HailoRT] [info] [hef.cpp:1963] [get_network_group_and_network_name] No name was given. Addressing all networks of default network_group: yolov8m
[2026-05-17 00:51:14.056] [15075] [HailoRT] [info] [hef.cpp:1963] [get_network_group_and_network_name] No name was given. Addressing all networks of default network_group: yolov8m
[2026-05-17 00:51:14.091] [15075] [HailoRT] [info] [hef.cpp:1963] [get_network_group_and_network_name] No name was given. Addressing all networks of default network_group: yolov8m
[2026-05-17 00:51:14.127] [15075] [HailoRT] [info] [hef.cpp:1963] [get_network_group_and_network_name] No name was given. Addressing all networks of default network_group: yolov8m
[2026-05-17 00:51:14.165] [15075] [HailoRT] [info] [hef.cpp:1963] [get_network_group_and_network_name] No name was given. Addressing all networks of default network_group: yolov8m
[2026-05-17 00:51:14.204] [15075] [HailoRT] [info] [hef.cpp:1963] [get_network_group_and_network_name] No name was given. Addressing all networks of default network_group: yolov8m
[2026-05-17 00:51:14.238] [15075] [HailoRT] [info] [hef.cpp:1963] [get_network_group_and_network_name] No name was given. Addressing all networks of default network_group: yolov8m
[2026-05-17 00:51:14.273] [15075] [HailoRT] [info] [hef.cpp:1963] [get_network_group_and_network_name] No name was given. Addressing all networks of default network_group: yolov8m
[2026-05-17 00:51:14.308] [15075] [HailoRT] [info] [hef.cpp:1963] [get_network_group_and_network_name] No name was given. Addressing all networks of default network_group: yolov8m
[2026-05-17 00:51:14.345] [15075] [HailoRT] [info] [hef.cpp:1963] [get_network_group_and_network_name] No name was given. Addressing all networks of default network_group: yolov8m
[2026-05-17 00:51:14.379] [15075] [HailoRT] [info] [hef.cpp:1963] [get_network_group_and_network_name] No name was given. Addressing all networks of default network_group: yolov8m
[2026-05-17 00:51:14.414] [15075] [HailoRT] [info] [hef.cpp:1963] [get_network_group_and_network_name] No name was given. Addressing all networks of default network_group: yolov8m
[2026-05-17 00:51:14.448] [15075] [HailoRT] [info] [hef.cpp:1963] [get_network_group_and_network_name] No name was given. Addressing all networks of default network_group: yolov8m
[2026-05-17 00:51:14.482] [15075] [HailoRT] [info] [hef.cpp:1963] [get_network_group_and_network_name] No name was given. Addressing all networks of default network_group: yolov8m
[2026-05-17 00:51:14.520] [15075] [HailoRT] [info] [hef.cpp:1963] [get_network_group_and_network_name] No name was given. Addressing all networks of default network_group: yolov8m
[2026-05-17 00:51:14.555] [15075] [HailoRT] [info] [hef.cpp:1963] [get_network_group_and_network_name] No name was given. Addressing all networks of default network_group: yolov8m
[2026-05-17 00:51:14.590] [15075] [HailoRT] [info] [hef.cpp:1963] [get_network_group_and_network_name] No name was given. Addressing all networks of default network_group: yolov8m
[2026-05-17 00:51:14.624] [15075] [HailoRT] [info] [hef.cpp:1963] [get_network_group_and_network_name] No name was given. Addressing all networks of default network_group: yolov8m
[2026-05-17 00:51:14.658] [15075] [HailoRT] [info] [hef.cpp:1963] [get_network_group_and_network_name] No name was given. Addressing all networks of default network_group: yolov8m
[2026-05-17 00:51:14.692] [15075] [HailoRT] [info] [hef.cpp:1963] [get_network_group_and_network_name] No name was given. Addressing all networks of default network_group: yolov8m
[2026-05-17 00:51:14.727] [15075] [HailoRT] [info] [hef.cpp:1963] [get_network_group_and_network_name] No name was given. Addressing all networks of default network_group: yolov8m
[2026-05-17 00:51:14.772] [15075] [HailoRT] [info] [hef.cpp:1963] [get_network_group_and_network_name] No name was given. Addressing all networks of default network_group: yolov8m
[2026-05-17 00:51:14.806] [15075] [HailoRT] [info] [hef.cpp:1963] [get_network_group_and_network_name] No name was given. Addressing all networks of default network_group: yolov8m
[2026-05-17 00:51:14.841] [15075] [HailoRT] [info] [hef.cpp:1963] [get_network_group_and_network_name] No name was given. Addressing all networks of default network_group: yolov8m
[2026-05-17 00:51:14.880] [15075] [HailoRT] [info] [hef.cpp:1963] [get_network_group_and_network_name] No name was given. Addressing all networks of default network_group: yolov8m
[2026-05-17 00:51:14.917] [15075] [HailoRT] [info] [hef.cpp:1963] [get_network_group_and_network_name] No name was given. Addressing all networks of default network_group: yolov8m
[2026-05-17 00:51:14.957] [15075] [HailoRT] [info] [hef.cpp:1963] [get_network_group_and_network_name] No name was given. Addressing all networks of default network_group: yolov8m
[2026-05-17 00:51:14.996] [15075] [HailoRT] [info] [hef.cpp:1963] [get_network_group_and_network_name] No name was given. Addressing all networks of default network_group: yolov8m
[2026-05-17 00:51:15.031] [15075] [HailoRT] [info] [hef.cpp:1963] [get_network_group_and_network_name] No name was given. Addressing all networks of default network_group: yolov8m
[2026-05-17 00:51:15.067] [15075] [HailoRT] [info] [hef.cpp:1963] [get_network_group_and_network_name] No name was given. Addressing all networks of default network_group: yolov8m
[2026-05-17 00:51:15.104] [15075] [HailoRT] [info] [hef.cpp:1963] [get_network_group_and_network_name] No name was given. Addressing all networks of default network_group: yolov8m
[2026-05-17 00:51:15.140] [15075] [HailoRT] [info] [hef.cpp:1963] [get_network_group_and_network_name] No name was given. Addressing all networks of default network_group: yolov8m
[2026-05-17 00:51:15.175] [15075] [HailoRT] [info] [hef.cpp:1963] [get_network_group_and_network_name] No name was given. Addressing all networks of default network_group: yolov8m
[2026-05-17 00:51:15.209] [15075] [HailoRT] [info] [hef.cpp:1963] [get_network_group_and_network_name] No name was given. Addressing all networks of default network_group: yolov8m
[2026-05-17 00:51:15.243] [15075] [HailoRT] [info] [hef.cpp:1963] [get_network_group_and_network_name] No name was given. Addressing all networks of default network_group: yolov8m
[2026-05-17 00:51:15.277] [15075] [HailoRT] [info] [hef.cpp:1963] [get_network_group_and_network_name] No name was given. Addressing all networks of default network_group: yolov8m
[2026-05-17 00:51:15.311] [15075] [HailoRT] [info] [hef.cpp:1963] [get_network_group_and_network_name] No name was given. Addressing all networks of default network_group: yolov8m
[2026-05-17 00:51:15.349] [15075] [HailoRT] [info] [hef.cpp:1963] [get_network_group_and_network_name] No name was given. Addressing all networks of default network_group: yolov8m
[2026-05-17 00:51:15.384] [15075] [HailoRT] [info] [hef.cpp:1963] [get_network_group_and_network_name] No name was given. Addressing all networks of default network_group: yolov8m
[2026-05-17 00:51:15.421] [15075] [HailoRT] [info] [hef.cpp:1963] [get_network_group_and_network_name] No name was given. Addressing all networks of default network_group: yolov8m
[2026-05-17 00:51:15.455] [15075] [HailoRT] [info] [hef.cpp:1963] [get_network_group_and_network_name] No name was given. Addressing all networks of default network_group: yolov8m
[2026-05-17 00:51:15.489] [15075] [HailoRT] [info] [hef.cpp:1963] [get_network_group_and_network_name] No name was given. Addressing all networks of default network_group: yolov8m
[2026-05-17 00:51:15.523] [15075] [HailoRT] [info] [hef.cpp:1963] [get_network_group_and_network_name] No name was given. Addressing all networks of default network_group: yolov8m
[2026-05-17 00:51:15.558] [15075] [HailoRT] [info] [hef.cpp:1963] [get_network_group_and_network_name] No name was given. Addressing all networks of default network_group: yolov8m
[2026-05-17 00:51:15.593] [15075] [HailoRT] [info] [hef.cpp:1963] [get_network_group_and_network_name] No name was given. Addressing all networks of default network_group: yolov8m
[2026-05-17 00:51:15.627] [15075] [HailoRT] [info] [hef.cpp:1963] [get_network_group_and_network_name] No name was given. Addressing all networks of default network_group: yolov8m
[2026-05-17 00:51:15.662] [15075] [HailoRT] [info] [hef.cpp:1963] [get_network_group_and_network_name] No name was given. Addressing all networks of default network_group: yolov8m
[2026-05-17 00:51:15.696] [15075] [HailoRT] [info] [hef.cpp:1963] [get_network_group_and_network_name] No name was given. Addressing all networks of default network_group: yolov8m
[2026-05-17 00:51:15.730] [15075] [HailoRT] [info] [hef.cpp:1963] [get_network_group_and_network_name] No name was given. Addressing all networks of default network_group: yolov8m
[2026-05-17 00:51:15.769] [15075] [HailoRT] [info] [hef.cpp:1963] [get_network_group_and_network_name] No name was given. Addressing all networks of default network_group: yolov8m
[2026-05-17 00:51:15.804] [15075] [HailoRT] [info] [hef.cpp:1963] [get_network_group_and_network_name] No name was given. Addressing all networks of default network_group: yolov8m
[2026-05-17 00:51:15.839] [15075] [HailoRT] [info] [hef.cpp:1963] [get_network_group_and_network_name] No name was given. Addressing all networks of default network_group: yolov8m
[2026-05-17 00:51:15.874] [15075] [HailoRT] [info] [hef.cpp:1963] [get_network_group_and_network_name] No name was given. Addressing all networks of default network_group: yolov8m
[2026-05-17 00:51:15.910] [15075] [HailoRT] [info] [hef.cpp:1963] [get_network_group_and_network_name] No name was given. Addressing all networks of default network_group: yolov8m
[2026-05-17 00:51:15.954] [15075] [HailoRT] [info] [hef.cpp:1963] [get_network_group_and_network_name] No name was given. Addressing all networks of default network_group: yolov8m
[2026-05-17 00:51:15.990] [15075] [HailoRT] [info] [hef.cpp:1963] [get_network_group_and_network_name] No name was given. Addressing all networks of default network_group: yolov8m
[2026-05-17 00:51:16.029] [15075] [HailoRT] [info] [hef.cpp:1963] [get_network_group_and_network_name] No name was given. Addressing all networks of default network_group: yolov8m
[2026-05-17 00:51:16.065] [15075] [HailoRT] [info] [hef.cpp:1963] [get_network_group_and_network_name] No name was given. Addressing all networks of default network_group: yolov8m
[2026-05-17 00:51:16.101] [15075] [HailoRT] [info] [hef.cpp:1963] [get_network_group_and_network_name] No name was given. Addressing all networks of default network_group: yolov8m
[2026-05-17 00:51:16.137] [15075] [HailoRT] [info] [hef.cpp:1963] [get_network_group_and_network_name] No name was given. Addressing all networks of default network_group: yolov8m
[2026-05-17 00:51:16.175] [15075] [HailoRT] [info] [hef.cpp:1963] [get_network_group_and_network_name] No name was given. Addressing all networks of default network_group: yolov8m
[2026-05-17 00:51:16.210] [15075] [HailoRT] [info] [hef.cpp:1963] [get_network_group_and_network_name] No name was given. Addressing all networks of default network_group: yolov8m
[2026-05-17 00:51:16.244] [15075] [HailoRT] [info] [hef.cpp:1963] [get_network_group_and_network_name] No name was given. Addressing all networks of default network_group: yolov8m
[2026-05-17 00:51:16.278] [15075] [HailoRT] [info] [hef.cpp:1963] [get_network_group_and_network_name] No name was given. Addressing all networks of default network_group: yolov8m
[2026-05-17 00:51:16.313] [15075] [HailoRT] [info] [hef.cpp:1963] [get_network_group_and_network_name] No name was given. Addressing all networks of default network_group: yolov8m
[2026-05-17 00:51:16.347] [15075] [HailoRT] [info] [hef.cpp:1963] [get_network_group_and_network_name] No name was given. Addressing all networks of default network_group: yolov8m
[2026-05-17 00:51:16.381] [15075] [HailoRT] [info] [hef.cpp:1963] [get_network_group_and_network_name] No name was given. Addressing all networks of default network_group: yolov8m
[2026-05-17 00:51:16.420] [15075] [HailoRT] [info] [hef.cpp:1963] [get_network_group_and_network_name] No name was given. Addressing all networks of default network_group: yolov8m
[2026-05-17 00:51:16.454] [15075] [HailoRT] [info] [hef.cpp:1963] [get_network_group_and_network_name] No name was given. Addressing all networks of default network_group: yolov8m
[2026-05-17 00:51:16.488] [15075] [HailoRT] [info] [hef.cpp:1963] [get_network_group_and_network_name] No name was given. Addressing all networks of default network_group: yolov8m
[2026-05-17 00:51:16.522] [15075] [HailoRT] [info] [hef.cpp:1963] [get_network_group_and_network_name] No name was given. Addressing all networks of default network_group: yolov8m
[2026-05-17 00:51:16.556] [15075] [HailoRT] [info] [hef.cpp:1963] [get_network_group_and_network_name] No name was given. Addressing all networks of default network_group: yolov8m
[2026-05-17 00:51:16.596] [15075] [HailoRT] [info] [hef.cpp:1963] [get_network_group_and_network_name] No name was given. Addressing all networks of default network_group: yolov8m
[2026-05-17 00:51:16.630] [15075] [HailoRT] [info] [hef.cpp:1963] [get_network_group_and_network_name] No name was given. Addressing all networks of default network_group: yolov8m
[2026-05-17 00:51:16.668] [15075] [HailoRT] [info] [hef.cpp:1963] [get_network_group_and_network_name] No name was given. Addressing all networks of default network_group: yolov8m
[2026-05-17 00:51:16.703] [15075] [HailoRT] [info] [hef.cpp:1963] [get_network_group_and_network_name] No name was given. Addressing all networks of default network_group: yolov8m
[2026-05-17 00:51:16.738] [15075] [HailoRT] [info] [hef.cpp:1963] [get_network_group_and_network_name] No name was given. Addressing all networks of default network_group: yolov8m
[2026-05-17 00:51:16.772] [15075] [HailoRT] [info] [hef.cpp:1963] [get_network_group_and_network_name] No name was given. Addressing all networks of default network_group: yolov8m
[2026-05-17 00:51:16.807] [15075] [HailoRT] [info] [hef.cpp:1963] [get_network_group_and_network_name] No name was given. Addressing all networks of default network_group: yolov8m
[2026-05-17 00:51:16.844] [15075] [HailoRT] [info] [hef.cpp:1963] [get_network_group_and_network_name] No name was given. Addressing all networks of default network_group: yolov8m
[2026-05-17 00:51:16.879] [15075] [HailoRT] [info] [hef.cpp:1963] [get_network_group_and_network_name] No name was given. Addressing all networks of default network_group: yolov8m
[2026-05-17 00:51:16.917] [15075] [HailoRT] [info] [hef.cpp:1963] [get_network_group_and_network_name] No name was given. Addressing all networks of default network_group: yolov8m
[2026-05-17 00:51:16.952] [15075] [HailoRT] [info] [hef.cpp:1963] [get_network_group_and_network_name] No name was given. Addressing all networks of default network_group: yolov8m
[2026-05-17 00:51:16.987] [15075] [HailoRT] [info] [hef.cpp:1963] [get_network_group_and_network_name] No name was given. Addressing all networks of default network_group: yolov8m
[2026-05-17 00:51:17.027] [15075] [HailoRT] [info] [hef.cpp:1963] [get_network_group_and_network_name] No name was given. Addressing all networks of default network_group: yolov8m
[2026-05-17 00:51:17.061] [15075] [HailoRT] [info] [hef.cpp:1963] [get_network_group_and_network_name] No name was given. Addressing all networks of default network_group: yolov8m
[2026-05-17 00:51:17.095] [15075] [HailoRT] [info] [hef.cpp:1963] [get_network_group_and_network_name] No name was given. Addressing all networks of default network_group: yolov8m
[2026-05-17 00:51:17.129] [15075] [HailoRT] [info] [hef.cpp:1963] [get_network_group_and_network_name] No name was given. Addressing all networks of default network_group: yolov8m
[2026-05-17 00:51:17.167] [15075] [HailoRT] [info] [hef.cpp:1963] [get_network_group_and_network_name] No name was given. Addressing all networks of default network_group: yolov8m
[2026-05-17 00:51:17.207] [15075] [HailoRT] [info] [hef.cpp:1963] [get_network_group_and_network_name] No name was given. Addressing all networks of default network_group: yolov8m
[2026-05-17 00:51:17.241] [15075] [HailoRT] [info] [hef.cpp:1963] [get_network_group_and_network_name] No name was given. Addressing all networks of default network_group: yolov8m
[2026-05-17 00:51:17.275] [15075] [HailoRT] [info] [hef.cpp:1963] [get_network_group_and_network_name] No name was given. Addressing all networks of default network_group: yolov8m
[2026-05-17 00:51:17.309] [15075] [HailoRT] [info] [hef.cpp:1963] [get_network_group_and_network_name] No name was given. Addressing all networks of default network_group: yolov8m
[2026-05-17 00:51:17.343] [15075] [HailoRT] [info] [hef.cpp:1963] [get_network_group_and_network_name] No name was given. Addressing all networks of default network_group: yolov8m
[2026-05-17 00:51:17.377] [15075] [HailoRT] [info] [hef.cpp:1963] [get_network_group_and_network_name] No name was given. Addressing all networks of default network_group: yolov8m
[2026-05-17 00:51:17.411] [15075] [HailoRT] [info] [hef.cpp:1963] [get_network_group_and_network_name] No name was given. Addressing all networks of default network_group: yolov8m
[2026-05-17 00:51:17.452] [15075] [HailoRT] [info] [hef.cpp:1963] [get_network_group_and_network_name] No name was given. Addressing all networks of default network_group: yolov8m
[2026-05-17 00:51:17.485] [15075] [HailoRT] [info] [hef.cpp:1963] [get_network_group_and_network_name] No name was given. Addressing all networks of default network_group: yolov8m
[2026-05-17 00:51:17.519] [15075] [HailoRT] [info] [hef.cpp:1963] [get_network_group_and_network_name] No name was given. Addressing all networks of default network_group: yolov8m
[2026-05-17 00:51:17.553] [15075] [HailoRT] [info] [hef.cpp:1963] [get_network_group_and_network_name] No name was given. Addressing all networks of default network_group: yolov8m
[2026-05-17 00:51:17.588] [15075] [HailoRT] [info] [hef.cpp:1963] [get_network_group_and_network_name] No name was given. Addressing all networks of default network_group: yolov8m
[2026-05-17 00:51:17.626] [15075] [HailoRT] [info] [hef.cpp:1963] [get_network_group_and_network_name] No name was given. Addressing all networks of default network_group: yolov8m
[2026-05-17 00:51:17.660] [15075] [HailoRT] [info] [hef.cpp:1963] [get_network_group_and_network_name] No name was given. Addressing all networks of default network_group: yolov8m
[2026-05-17 00:51:17.701] [15075] [HailoRT] [info] [hef.cpp:1963] [get_network_group_and_network_name] No name was given. Addressing all networks of default network_group: yolov8m
[2026-05-17 00:51:17.736] [15075] [HailoRT] [info] [hef.cpp:1963] [get_network_group_and_network_name] No name was given. Addressing all networks of default network_group: yolov8m
[2026-05-17 00:51:17.775] [15075] [HailoRT] [info] [hef.cpp:1963] [get_network_group_and_network_name] No name was given. Addressing all networks of default network_group: yolov8m
[2026-05-17 00:51:17.814] [15075] [HailoRT] [info] [hef.cpp:1963] [get_network_group_and_network_name] No name was given. Addressing all networks of default network_group: yolov8m
[2026-05-17 00:51:17.849] [15075] [HailoRT] [info] [hef.cpp:1963] [get_network_group_and_network_name] No name was given. Addressing all networks of default network_group: yolov8m
[2026-05-17 00:51:17.883] [15075] [HailoRT] [info] [hef.cpp:1963] [get_network_group_and_network_name] No name was given. Addressing all networks of default network_group: yolov8m
[2026-05-17 00:51:17.922] [15075] [HailoRT] [info] [hef.cpp:1963] [get_network_group_and_network_name] No name was given. Addressing all networks of default network_group: yolov8m
[2026-05-17 00:51:17.957] [15075] [HailoRT] [info] [hef.cpp:1963] [get_network_group_and_network_name] No name was given. Addressing all networks of default network_group: yolov8m
[2026-05-17 00:51:17.991] [15075] [HailoRT] [info] [hef.cpp:1963] [get_network_group_and_network_name] No name was given. Addressing all networks of default network_group: yolov8m
[2026-05-17 00:51:18.025] [15075] [HailoRT] [info] [hef.cpp:1963] [get_network_group_and_network_name] No name was given. Addressing all networks of default network_group: yolov8m
[2026-05-17 00:51:18.060] [15075] [HailoRT] [info] [hef.cpp:1963] [get_network_group_and_network_name] No name was given. Addressing all networks of default network_group: yolov8m
[2026-05-17 00:51:18.094] [15075] [HailoRT] [info] [hef.cpp:1963] [get_network_group_and_network_name] No name was given. Addressing all networks of default network_group: yolov8m
[2026-05-17 00:51:18.128] [15075] [HailoRT] [info] [hef.cpp:1963] [get_network_group_and_network_name] No name was given. Addressing all networks of default network_group: yolov8m
[2026-05-17 00:51:18.163] [15075] [HailoRT] [info] [hef.cpp:1963] [get_network_group_and_network_name] No name was given. Addressing all networks of default network_group: yolov8m
[2026-05-17 00:51:18.197] [15075] [HailoRT] [info] [hef.cpp:1963] [get_network_group_and_network_name] No name was given. Addressing all networks of default network_group: yolov8m
[2026-05-17 00:51:18.233] [15075] [HailoRT] [info] [hef.cpp:1963] [get_network_group_and_network_name] No name was given. Addressing all networks of default network_group: yolov8m
[2026-05-17 00:51:18.268] [15075] [HailoRT] [info] [hef.cpp:1963] [get_network_group_and_network_name] No name was given. Addressing all networks of default network_group: yolov8m
[2026-05-17 00:51:18.305] [15075] [HailoRT] [info] [hef.cpp:1963] [get_network_group_and_network_name] No name was given. Addressing all networks of default network_group: yolov8m
[2026-05-17 00:51:18.340] [15075] [HailoRT] [info] [hef.cpp:1963] [get_network_group_and_network_name] No name was given. Addressing all networks of default network_group: yolov8m
[2026-05-17 00:51:18.374] [15075] [HailoRT] [info] [hef.cpp:1963] [get_network_group_and_network_name] No name was given. Addressing all networks of default network_group: yolov8m
[2026-05-17 00:51:18.409] [15075] [HailoRT] [info] [hef.cpp:1963] [get_network_group_and_network_name] No name was given. Addressing all networks of default network_group: yolov8m
[2026-05-17 00:51:18.443] [15075] [HailoRT] [info] [hef.cpp:1963] [get_network_group_and_network_name] No name was given. Addressing all networks of default network_group: yolov8m
[2026-05-17 00:51:18.478] [15075] [HailoRT] [info] [hef.cpp:1963] [get_network_group_and_network_name] No name was given. Addressing all networks of default network_group: yolov8m
[2026-05-17 00:51:18.512] [15075] [HailoRT] [info] [hef.cpp:1963] [get_network_group_and_network_name] No name was given. Addressing all networks of default network_group: yolov8m
[2026-05-17 00:51:18.546] [15075] [HailoRT] [info] [hef.cpp:1963] [get_network_group_and_network_name] No name was given. Addressing all networks of default network_group: yolov8m
[2026-05-17 00:51:18.583] [15075] [HailoRT] [info] [hef.cpp:1963] [get_network_group_and_network_name] No name was given. Addressing all networks of default network_group: yolov8m
[2026-05-17 00:51:18.617] [15075] [HailoRT] [info] [hef.cpp:1963] [get_network_group_and_network_name] No name was given. Addressing all networks of default network_group: yolov8m
[2026-05-17 00:51:18.652] [15075] [HailoRT] [info] [hef.cpp:1963] [get_network_group_and_network_name] No name was given. Addressing all networks of default network_group: yolov8m
[2026-05-17 00:51:18.686] [15075] [HailoRT] [info] [hef.cpp:1963] [get_network_group_and_network_name] No name was given. Addressing all networks of default network_group: yolov8m
[2026-05-17 00:51:18.720] [15075] [HailoRT] [info] [hef.cpp:1963] [get_network_group_and_network_name] No name was given. Addressing all networks of default network_group: yolov8m
[2026-05-17 00:51:18.753] [15075] [HailoRT] [info] [hef.cpp:1963] [get_network_group_and_network_name] No name was given. Addressing all networks of default network_group: yolov8m
[2026-05-17 00:51:18.788] [15075] [HailoRT] [info] [hef.cpp:1963] [get_network_group_and_network_name] No name was given. Addressing all networks of default network_group: yolov8m
[2026-05-17 00:51:18.824] [15075] [HailoRT] [info] [hef.cpp:1963] [get_network_group_and_network_name] No name was given. Addressing all networks of default network_group: yolov8m
[2026-05-17 00:51:18.858] [15075] [HailoRT] [info] [hef.cpp:1963] [get_network_group_and_network_name] No name was given. Addressing all networks of default network_group: yolov8m
[2026-05-17 00:51:18.893] [15075] [HailoRT] [info] [hef.cpp:1963] [get_network_group_and_network_name] No name was given. Addressing all networks of default network_group: yolov8m
[2026-05-17 00:51:18.927] [15075] [HailoRT] [info] [hef.cpp:1963] [get_network_group_and_network_name] No name was given. Addressing all networks of default network_group: yolov8m
[2026-05-17 00:51:18.961] [15075] [HailoRT] [info] [hef.cpp:1963] [get_network_group_and_network_name] No name was given. Addressing all networks of default network_group: yolov8m
[2026-05-17 00:51:19.000] [15075] [HailoRT] [info] [hef.cpp:1963] [get_network_group_and_network_name] No name was given. Addressing all networks of default network_group: yolov8m
[2026-05-17 00:51:19.036] [15075] [HailoRT] [info] [hef.cpp:1963] [get_network_group_and_network_name] No name was given. Addressing all networks of default network_group: yolov8m
[2026-05-17 00:51:19.070] [15075] [HailoRT] [info] [hef.cpp:1963] [get_network_group_and_network_name] No name was given. Addressing all networks of default network_group: yolov8m
[2026-05-17 00:51:19.105] [15075] [HailoRT] [info] [hef.cpp:1963] [get_network_group_and_network_name] No name was given. Addressing all networks of default network_group: yolov8m
[2026-05-17 00:51:19.143] [15075] [HailoRT] [info] [hef.cpp:1963] [get_network_group_and_network_name] No name was given. Addressing all networks of default network_group: yolov8m
[2026-05-17 00:51:19.180] [15075] [HailoRT] [info] [hef.cpp:1963] [get_network_group_and_network_name] No name was given. Addressing all net